[2026-09-26T16:23:30.360+0000] {manager.py:470} INFO - Processing files using up to 2 processes at a time 
[2026-09-26T16:23:30.368+0000] {manager.py:471} INFO - Process each file at most once every 30 seconds
[2026-09-26T16:23:30.373+0000] {manager.py:472} INFO - Checking for new files in /opt/airflow/dags every 300 seconds
[2026-09-26T16:23:30.377+0000] {manager.py:737} INFO - Searching for files in /opt/airflow/dags
[2026-09-26T16:23:30.393+0000] {manager.py:740} INFO - There are 0 files in /opt/airflow/dags
[2026-09-26T16:28:30.649+0000] {manager.py:737} INFO - Searching for files in /opt/airflow/dags
[2026-09-26T16:28:30.758+0000] {manager.py:740} INFO - There are 0 files in /opt/airflow/dags
[2026-09-26T16:33:31.640+0000] {manager.py:737} INFO - Searching for files in /opt/airflow/dags
[2026-09-26T16:33:31.693+0000] {manager.py:740} INFO - There are 0 files in /opt/airflow/dags
[2026-09-26T16:38:32.323+0000] {manager.py:737} INFO - Searching for files in /opt/airflow/dags
[2026-09-26T16:38:32.378+0000] {manager.py:740} INFO - There are 0 files in /opt/airflow/dags
[2026-09-26T16:43:32.820+0000] {manager.py:737} INFO - Searching for files in /opt/airflow/dags
[2026-09-26T16:43:32.837+0000] {manager.py:740} INFO - There are 0 files in /opt/airflow/dags
[2026-09-26T16:48:33.788+0000] {manager.py:737} INFO - Searching for files in /opt/airflow/dags
[2026-09-26T16:48:33.857+0000] {manager.py:740} INFO - There are 0 files in /opt/airflow/dags
[2026-09-26T16:53:33.993+0000] {manager.py:737} INFO - Searching for files in /opt/airflow/dags
[2026-09-26T16:53:34.036+0000] {manager.py:740} INFO - There are 0 files in /opt/airflow/dags
[2026-09-26T16:58:34.686+0000] {manager.py:737} INFO - Searching for files in /opt/airflow/dags
[2026-09-26T16:58:34.756+0000] {manager.py:740} INFO - There are 0 files in /opt/airflow/dags
[2026-09-26T17:03:35.610+0000] {manager.py:737} INFO - Searching for files in /opt/airflow/dags
[2026-09-26T17:03:35.686+0000] {manager.py:740} INFO - There are 0 files in /opt/airflow/dags
[2026-09-26T17:08:36.516+0000] {manager.py:737} INFO - Searching for files in /opt/airflow/dags
[2026-09-26T17:08:36.583+0000] {manager.py:740} INFO - There are 0 files in /opt/airflow/dags
[2026-09-26T17:13:37.045+0000] {manager.py:737} INFO - Searching for files in /opt/airflow/dags
[2026-09-26T17:13:37.101+0000] {manager.py:740} INFO - There are 0 files in /opt/airflow/dags
[2026-09-26T17:18:38.002+0000] {manager.py:737} INFO - Searching for files in /opt/airflow/dags
[2026-09-26T17:18:38.058+0000] {manager.py:740} INFO - There are 0 files in /opt/airflow/dags
[2026-09-26T17:23:38.319+0000] {manager.py:737} INFO - Searching for files in /opt/airflow/dags
[2026-09-26T17:23:38.361+0000] {manager.py:740} INFO - There are 0 files in /opt/airflow/dags
[2026-09-26T17:28:38.722+0000] {manager.py:737} INFO - Searching for files in /opt/airflow/dags
[2026-09-26T17:28:38.738+0000] {manager.py:740} INFO - There are 0 files in /opt/airflow/dags
[2026-09-26T17:33:39.042+0000] {manager.py:737} INFO - Searching for files in /opt/airflow/dags
[2026-09-26T17:33:39.056+0000] {manager.py:740} INFO - There are 0 files in /opt/airflow/dags
[2026-09-26T17:38:39.405+0000] {manager.py:737} INFO - Searching for files in /opt/airflow/dags
[2026-09-26T17:38:39.419+0000] {manager.py:740} INFO - There are 0 files in /opt/airflow/dags
[2026-09-26T17:43:39.772+0000] {manager.py:737} INFO - Searching for files in /opt/airflow/dags
[2026-09-26T17:43:39.794+0000] {manager.py:740} INFO - There are 0 files in /opt/airflow/dags
[2026-09-26T17:48:40.113+0000] {manager.py:737} INFO - Searching for files in /opt/airflow/dags
[2026-09-26T17:48:40.132+0000] {manager.py:740} INFO - There are 0 files in /opt/airflow/dags
[2026-09-26T17:53:40.513+0000] {manager.py:737} INFO - Searching for files in /opt/airflow/dags
[2026-09-26T17:53:40.529+0000] {manager.py:740} INFO - There are 0 files in /opt/airflow/dags
[2026-09-26T17:58:40.892+0000] {manager.py:737} INFO - Searching for files in /opt/airflow/dags
[2026-09-26T17:58:40.903+0000] {manager.py:740} INFO - There are 0 files in /opt/airflow/dags
[2026-09-26T18:03:41.245+0000] {manager.py:737} INFO - Searching for files in /opt/airflow/dags
[2026-09-26T18:03:41.258+0000] {manager.py:740} INFO - There are 0 files in /opt/airflow/dags
[2026-09-26T18:08:41.598+0000] {manager.py:737} INFO - Searching for files in /opt/airflow/dags
[2026-09-26T18:08:41.618+0000] {manager.py:740} INFO - There are 0 files in /opt/airflow/dags
[2026-09-26T18:13:42.089+0000] {manager.py:737} INFO - Searching for files in /opt/airflow/dags
[2026-09-26T18:13:42.113+0000] {manager.py:740} INFO - There are 0 files in /opt/airflow/dags
[2026-09-26T18:18:42.550+0000] {manager.py:737} INFO - Searching for files in /opt/airflow/dags
[2026-09-26T18:18:42.581+0000] {manager.py:740} INFO - There are 0 files in /opt/airflow/dags
[2026-09-26T18:23:43.060+0000] {manager.py:737} INFO - Searching for files in /opt/airflow/dags
[2026-09-26T18:23:43.071+0000] {manager.py:740} INFO - There are 0 files in /opt/airflow/dags
[2026-09-26T18:28:43.464+0000] {manager.py:737} INFO - Searching for files in /opt/airflow/dags
[2026-09-26T18:28:43.477+0000] {manager.py:740} INFO - There are 0 files in /opt/airflow/dags
[2026-09-26T18:33:44.406+0000] {manager.py:737} INFO - Searching for files in /opt/airflow/dags
[2026-09-26T18:33:44.419+0000] {manager.py:740} INFO - There are 0 files in /opt/airflow/dags
[2026-09-26T21:10:48.162+0000] {manager.py:737} INFO - Searching for files in /opt/airflow/dags
[2026-09-26T21:10:50.717+0000] {manager.py:740} INFO - There are 0 files in /opt/airflow/dags
[2026-09-26T21:12:04.104+0000] {manager.py:452} INFO - Exiting gracefully upon receiving signal 15
[2026-09-27T11:42:27.080+0000] {manager.py:470} INFO - Processing files using up to 2 processes at a time 
[2026-09-27T11:42:27.092+0000] {manager.py:471} INFO - Process each file at most once every 30 seconds
[2026-09-27T11:42:27.097+0000] {manager.py:472} INFO - Checking for new files in /opt/airflow/dags every 300 seconds
[2026-09-27T11:42:27.102+0000] {manager.py:737} INFO - Searching for files in /opt/airflow/dags
[2026-09-27T11:42:27.118+0000] {manager.py:740} INFO - There are 0 files in /opt/airflow/dags
[2026-09-27T11:47:27.272+0000] {manager.py:737} INFO - Searching for files in /opt/airflow/dags
[2026-09-27T11:47:27.386+0000] {manager.py:740} INFO - There are 0 files in /opt/airflow/dags
[2026-09-27T11:52:27.283+0000] {manager.py:737} INFO - Searching for files in /opt/airflow/dags
[2026-09-27T11:52:27.326+0000] {manager.py:740} INFO - There are 0 files in /opt/airflow/dags
[2026-09-27T11:57:27.349+0000] {manager.py:737} INFO - Searching for files in /opt/airflow/dags
[2026-09-27T11:57:27.369+0000] {manager.py:740} INFO - There are 0 files in /opt/airflow/dags
[2026-09-27T12:02:28.293+0000] {manager.py:737} INFO - Searching for files in /opt/airflow/dags
[2026-09-27T12:02:28.321+0000] {manager.py:740} INFO - There are 0 files in /opt/airflow/dags
[2026-09-27T12:07:28.607+0000] {manager.py:737} INFO - Searching for files in /opt/airflow/dags
[2026-09-27T12:07:28.719+0000] {manager.py:740} INFO - There are 0 files in /opt/airflow/dags
[2026-09-27T12:12:29.157+0000] {manager.py:737} INFO - Searching for files in /opt/airflow/dags
[2026-09-27T12:12:29.224+0000] {manager.py:740} INFO - There are 0 files in /opt/airflow/dags
[2026-09-27T12:17:29.415+0000] {manager.py:737} INFO - Searching for files in /opt/airflow/dags
[2026-09-27T12:17:29.551+0000] {manager.py:740} INFO - There are 0 files in /opt/airflow/dags
[2026-09-27T12:22:30.457+0000] {manager.py:737} INFO - Searching for files in /opt/airflow/dags
[2026-09-27T12:22:30.588+0000] {manager.py:740} INFO - There are 0 files in /opt/airflow/dags
[2026-09-27T12:27:30.797+0000] {manager.py:737} INFO - Searching for files in /opt/airflow/dags
[2026-09-27T12:27:30.839+0000] {manager.py:740} INFO - There are 0 files in /opt/airflow/dags
[2026-09-27T12:32:30.845+0000] {manager.py:737} INFO - Searching for files in /opt/airflow/dags
[2026-09-27T12:32:30.871+0000] {manager.py:740} INFO - There are 0 files in /opt/airflow/dags
[2026-09-27T12:37:31.011+0000] {manager.py:737} INFO - Searching for files in /opt/airflow/dags
[2026-09-27T12:37:31.098+0000] {manager.py:740} INFO - There are 0 files in /opt/airflow/dags
[2026-09-27T12:42:31.640+0000] {manager.py:737} INFO - Searching for files in /opt/airflow/dags
[2026-09-27T12:42:31.715+0000] {manager.py:740} INFO - There are 0 files in /opt/airflow/dags
[2026-09-27T12:47:32.042+0000] {manager.py:737} INFO - Searching for files in /opt/airflow/dags
[2026-09-27T12:47:32.210+0000] {manager.py:740} INFO - There are 0 files in /opt/airflow/dags
[2026-09-27T12:52:33.209+0000] {manager.py:737} INFO - Searching for files in /opt/airflow/dags
[2026-09-27T12:52:34.966+0000] {manager.py:740} INFO - There are 0 files in /opt/airflow/dags
[2026-09-27T12:57:33.464+0000] {manager.py:737} INFO - Searching for files in /opt/airflow/dags
[2026-09-27T12:57:33.550+0000] {manager.py:740} INFO - There are 0 files in /opt/airflow/dags
[2026-09-27T13:02:34.088+0000] {manager.py:737} INFO - Searching for files in /opt/airflow/dags
[2026-09-27T13:02:34.105+0000] {manager.py:740} INFO - There are 0 files in /opt/airflow/dags
[2026-09-27T13:07:34.525+0000] {manager.py:737} INFO - Searching for files in /opt/airflow/dags
[2026-09-27T13:07:34.725+0000] {manager.py:740} INFO - There are 0 files in /opt/airflow/dags
[2026-09-27T13:12:35.360+0000] {manager.py:737} INFO - Searching for files in /opt/airflow/dags
[2026-09-27T13:12:35.395+0000] {manager.py:740} INFO - There are 0 files in /opt/airflow/dags
[2026-09-27T13:17:35.872+0000] {manager.py:737} INFO - Searching for files in /opt/airflow/dags
[2026-09-27T13:17:35.886+0000] {manager.py:740} INFO - There are 0 files in /opt/airflow/dags
[2026-09-27T13:22:36.807+0000] {manager.py:737} INFO - Searching for files in /opt/airflow/dags
[2026-09-27T13:22:36.868+0000] {manager.py:740} INFO - There are 0 files in /opt/airflow/dags
[2026-09-27T13:27:37.107+0000] {manager.py:737} INFO - Searching for files in /opt/airflow/dags
[2026-09-27T13:27:37.278+0000] {manager.py:740} INFO - There are 0 files in /opt/airflow/dags
[2026-09-27T13:32:37.759+0000] {manager.py:737} INFO - Searching for files in /opt/airflow/dags
[2026-09-27T13:32:37.846+0000] {manager.py:740} INFO - There are 0 files in /opt/airflow/dags
[2026-09-27T13:37:37.878+0000] {manager.py:737} INFO - Searching for files in /opt/airflow/dags
[2026-09-27T13:37:37.907+0000] {manager.py:740} INFO - There are 0 files in /opt/airflow/dags
[2026-09-27T13:42:38.279+0000] {manager.py:737} INFO - Searching for files in /opt/airflow/dags
[2026-09-27T13:42:38.307+0000] {manager.py:740} INFO - There are 0 files in /opt/airflow/dags
[2026-09-27T13:47:38.312+0000] {manager.py:737} INFO - Searching for files in /opt/airflow/dags
[2026-09-27T13:47:38.337+0000] {manager.py:740} INFO - There are 0 files in /opt/airflow/dags
[2026-09-27T13:52:38.786+0000] {manager.py:737} INFO - Searching for files in /opt/airflow/dags
[2026-09-27T13:52:38.811+0000] {manager.py:740} INFO - There are 0 files in /opt/airflow/dags
[2026-09-27T13:57:39.252+0000] {manager.py:737} INFO - Searching for files in /opt/airflow/dags
[2026-09-27T13:57:39.273+0000] {manager.py:740} INFO - There are 0 files in /opt/airflow/dags
[2026-09-27T14:02:39.629+0000] {manager.py:737} INFO - Searching for files in /opt/airflow/dags
[2026-09-27T14:02:39.644+0000] {manager.py:740} INFO - There are 0 files in /opt/airflow/dags
[2026-09-27T14:07:40.056+0000] {manager.py:737} INFO - Searching for files in /opt/airflow/dags
[2026-09-27T14:07:40.100+0000] {manager.py:740} INFO - There are 0 files in /opt/airflow/dags
[2026-09-27T14:12:40.759+0000] {manager.py:737} INFO - Searching for files in /opt/airflow/dags
[2026-09-27T14:12:40.801+0000] {manager.py:740} INFO - There are 0 files in /opt/airflow/dags
[2026-09-27T14:17:41.324+0000] {manager.py:737} INFO - Searching for files in /opt/airflow/dags
[2026-09-27T14:17:41.375+0000] {manager.py:740} INFO - There are 0 files in /opt/airflow/dags
[2026-09-27T14:22:41.456+0000] {manager.py:737} INFO - Searching for files in /opt/airflow/dags
[2026-09-27T14:22:41.599+0000] {manager.py:740} INFO - There are 0 files in /opt/airflow/dags
[2026-09-27T14:27:42.004+0000] {manager.py:737} INFO - Searching for files in /opt/airflow/dags
[2026-09-27T14:27:42.146+0000] {manager.py:740} INFO - There are 0 files in /opt/airflow/dags
[2026-09-27T14:32:42.448+0000] {manager.py:737} INFO - Searching for files in /opt/airflow/dags
[2026-09-27T14:32:42.544+0000] {manager.py:740} INFO - There are 0 files in /opt/airflow/dags
[2026-09-27T14:37:42.812+0000] {manager.py:737} INFO - Searching for files in /opt/airflow/dags
[2026-09-27T14:37:42.998+0000] {manager.py:740} INFO - There are 0 files in /opt/airflow/dags
[2026-09-27T14:42:43.165+0000] {manager.py:737} INFO - Searching for files in /opt/airflow/dags
[2026-09-27T14:42:43.220+0000] {manager.py:740} INFO - There are 0 files in /opt/airflow/dags
[2026-09-27T14:47:43.786+0000] {manager.py:737} INFO - Searching for files in /opt/airflow/dags
[2026-09-27T14:47:43.828+0000] {manager.py:740} INFO - There are 0 files in /opt/airflow/dags
[2026-09-27T14:52:44.427+0000] {manager.py:737} INFO - Searching for files in /opt/airflow/dags
[2026-09-27T14:52:44.477+0000] {manager.py:740} INFO - There are 0 files in /opt/airflow/dags
[2026-09-27T14:57:44.929+0000] {manager.py:737} INFO - Searching for files in /opt/airflow/dags
[2026-09-27T14:57:44.964+0000] {manager.py:740} INFO - There are 0 files in /opt/airflow/dags
[2026-09-27T15:02:45.399+0000] {manager.py:737} INFO - Searching for files in /opt/airflow/dags
[2026-09-27T15:02:45.452+0000] {manager.py:740} INFO - There are 0 files in /opt/airflow/dags
[2026-09-27T15:07:46.197+0000] {manager.py:737} INFO - Searching for files in /opt/airflow/dags
[2026-09-27T15:07:46.249+0000] {manager.py:740} INFO - There are 0 files in /opt/airflow/dags
[2026-09-27T15:12:46.804+0000] {manager.py:737} INFO - Searching for files in /opt/airflow/dags
[2026-09-27T15:12:46.827+0000] {manager.py:740} INFO - There are 0 files in /opt/airflow/dags
[2026-09-27T15:17:47.655+0000] {manager.py:737} INFO - Searching for files in /opt/airflow/dags
[2026-09-27T15:17:47.705+0000] {manager.py:740} INFO - There are 0 files in /opt/airflow/dags
[2026-09-27T15:22:48.532+0000] {manager.py:737} INFO - Searching for files in /opt/airflow/dags
[2026-09-27T15:22:48.592+0000] {manager.py:740} INFO - There are 0 files in /opt/airflow/dags
[2026-09-27T15:27:49.098+0000] {manager.py:737} INFO - Searching for files in /opt/airflow/dags
[2026-09-27T15:27:49.123+0000] {manager.py:740} INFO - There are 0 files in /opt/airflow/dags
[2026-09-27T15:32:49.495+0000] {manager.py:737} INFO - Searching for files in /opt/airflow/dags
[2026-09-27T15:32:49.517+0000] {manager.py:740} INFO - There are 0 files in /opt/airflow/dags
[2026-09-27T15:37:50.114+0000] {manager.py:737} INFO - Searching for files in /opt/airflow/dags
[2026-09-27T15:37:50.164+0000] {manager.py:740} INFO - There are 0 files in /opt/airflow/dags
[2026-09-27T15:42:50.764+0000] {manager.py:737} INFO - Searching for files in /opt/airflow/dags
[2026-09-27T15:42:50.813+0000] {manager.py:740} INFO - There are 0 files in /opt/airflow/dags
[2026-09-27T15:47:51.543+0000] {manager.py:737} INFO - Searching for files in /opt/airflow/dags
[2026-09-27T15:47:51.683+0000] {manager.py:740} INFO - There are 0 files in /opt/airflow/dags
[2026-09-27T15:52:52.437+0000] {manager.py:737} INFO - Searching for files in /opt/airflow/dags
[2026-09-27T15:52:52.499+0000] {manager.py:740} INFO - There are 0 files in /opt/airflow/dags
[2026-09-27T15:57:53.434+0000] {manager.py:737} INFO - Searching for files in /opt/airflow/dags
[2026-09-27T15:57:53.497+0000] {manager.py:740} INFO - There are 0 files in /opt/airflow/dags
[2026-09-27T16:02:53.895+0000] {manager.py:737} INFO - Searching for files in /opt/airflow/dags
[2026-09-27T16:02:53.908+0000] {manager.py:740} INFO - There are 0 files in /opt/airflow/dags
[2026-09-27T16:07:54.229+0000] {manager.py:737} INFO - Searching for files in /opt/airflow/dags
[2026-09-27T16:07:54.242+0000] {manager.py:740} INFO - There are 0 files in /opt/airflow/dags
[2026-09-27T16:12:54.615+0000] {manager.py:737} INFO - Searching for files in /opt/airflow/dags
[2026-09-27T16:12:54.625+0000] {manager.py:740} INFO - There are 0 files in /opt/airflow/dags
[2026-09-27T16:17:55.357+0000] {manager.py:737} INFO - Searching for files in /opt/airflow/dags
[2026-09-27T17:10:55.786+0000] {manager.py:740} INFO - There are 0 files in /opt/airflow/dags
[2026-09-27T17:11:01.682+0000] {manager.py:737} INFO - Searching for files in /opt/airflow/dags
[2026-09-27T17:11:03.908+0000] {manager.py:740} INFO - There are 0 files in /opt/airflow/dags
[2026-09-27T17:16:02.712+0000] {manager.py:737} INFO - Searching for files in /opt/airflow/dags
[2026-09-27T17:16:02.787+0000] {manager.py:740} INFO - There are 0 files in /opt/airflow/dags
[2026-09-27T17:21:02.984+0000] {manager.py:737} INFO - Searching for files in /opt/airflow/dags
[2026-09-27T17:21:03.113+0000] {manager.py:740} INFO - There are 0 files in /opt/airflow/dags
[2026-09-27T17:26:03.281+0000] {manager.py:737} INFO - Searching for files in /opt/airflow/dags
[2026-09-27T17:26:03.297+0000] {manager.py:740} INFO - There are 0 files in /opt/airflow/dags
[2026-09-27T17:31:04.264+0000] {manager.py:737} INFO - Searching for files in /opt/airflow/dags
[2026-09-27T17:31:04.276+0000] {manager.py:740} INFO - There are 0 files in /opt/airflow/dags
[2026-09-27T17:36:05.249+0000] {manager.py:737} INFO - Searching for files in /opt/airflow/dags
[2026-09-27T17:36:05.261+0000] {manager.py:740} INFO - There are 0 files in /opt/airflow/dags
[2026-09-27T17:41:05.402+0000] {manager.py:737} INFO - Searching for files in /opt/airflow/dags
[2026-09-27T17:41:05.441+0000] {manager.py:740} INFO - There are 0 files in /opt/airflow/dags
[2026-09-27T17:46:06.384+0000] {manager.py:737} INFO - Searching for files in /opt/airflow/dags
[2026-09-27T17:46:06.468+0000] {manager.py:740} INFO - There are 0 files in /opt/airflow/dags
[2026-09-27T17:51:06.893+0000] {manager.py:737} INFO - Searching for files in /opt/airflow/dags
[2026-09-27T17:51:06.955+0000] {manager.py:740} INFO - There are 0 files in /opt/airflow/dags
[2026-09-27T17:56:07.291+0000] {manager.py:737} INFO - Searching for files in /opt/airflow/dags
[2026-09-27T17:56:07.418+0000] {manager.py:740} INFO - There are 0 files in /opt/airflow/dags
[2026-09-27T18:01:07.795+0000] {manager.py:737} INFO - Searching for files in /opt/airflow/dags
[2026-09-27T18:01:07.840+0000] {manager.py:740} INFO - There are 0 files in /opt/airflow/dags
[2026-09-27T18:06:08.110+0000] {manager.py:737} INFO - Searching for files in /opt/airflow/dags
[2026-09-27T18:06:08.152+0000] {manager.py:740} INFO - There are 0 files in /opt/airflow/dags
[2026-09-27T18:11:08.528+0000] {manager.py:737} INFO - Searching for files in /opt/airflow/dags
[2026-09-27T18:11:09.558+0000] {manager.py:740} INFO - There are 0 files in /opt/airflow/dags
[2026-09-27T18:16:09.113+0000] {manager.py:737} INFO - Searching for files in /opt/airflow/dags
[2026-09-27T18:16:09.238+0000] {manager.py:740} INFO - There are 0 files in /opt/airflow/dags
[2026-09-27T18:21:09.741+0000] {manager.py:737} INFO - Searching for files in /opt/airflow/dags
[2026-09-27T18:21:09.766+0000] {manager.py:740} INFO - There are 0 files in /opt/airflow/dags
[2026-09-27T18:26:10.617+0000] {manager.py:737} INFO - Searching for files in /opt/airflow/dags
[2026-09-27T18:26:10.743+0000] {manager.py:740} INFO - There are 0 files in /opt/airflow/dags
[2026-09-27T18:31:11.137+0000] {manager.py:737} INFO - Searching for files in /opt/airflow/dags
[2026-09-27T18:31:11.183+0000] {manager.py:740} INFO - There are 0 files in /opt/airflow/dags
[2026-09-27T18:36:11.387+0000] {manager.py:737} INFO - Searching for files in /opt/airflow/dags
[2026-09-27T18:36:11.459+0000] {manager.py:740} INFO - There are 0 files in /opt/airflow/dags
[2026-09-27T18:41:12.004+0000] {manager.py:737} INFO - Searching for files in /opt/airflow/dags
[2026-09-27T18:41:12.160+0000] {manager.py:740} INFO - There are 0 files in /opt/airflow/dags
[2026-09-27T18:46:12.275+0000] {manager.py:737} INFO - Searching for files in /opt/airflow/dags
[2026-09-27T18:46:12.389+0000] {manager.py:740} INFO - There are 0 files in /opt/airflow/dags
[2026-09-27T18:51:12.448+0000] {manager.py:737} INFO - Searching for files in /opt/airflow/dags
[2026-09-27T18:51:12.546+0000] {manager.py:740} INFO - There are 0 files in /opt/airflow/dags
[2026-09-27T18:56:13.385+0000] {manager.py:737} INFO - Searching for files in /opt/airflow/dags
[2026-09-27T18:56:13.471+0000] {manager.py:740} INFO - There are 0 files in /opt/airflow/dags
[2026-09-27T19:01:14.190+0000] {manager.py:737} INFO - Searching for files in /opt/airflow/dags
[2026-09-27T19:01:14.244+0000] {manager.py:740} INFO - There are 0 files in /opt/airflow/dags
[2026-09-27T19:06:14.845+0000] {manager.py:737} INFO - Searching for files in /opt/airflow/dags
[2026-09-27T19:06:14.867+0000] {manager.py:740} INFO - There are 0 files in /opt/airflow/dags
[2026-09-27T19:11:15.323+0000] {manager.py:737} INFO - Searching for files in /opt/airflow/dags
[2026-09-27T19:11:15.355+0000] {manager.py:740} INFO - There are 0 files in /opt/airflow/dags
[2026-09-27T19:16:15.728+0000] {manager.py:737} INFO - Searching for files in /opt/airflow/dags
[2026-09-27T19:16:15.737+0000] {manager.py:740} INFO - There are 0 files in /opt/airflow/dags
[2026-09-27T19:21:16.052+0000] {manager.py:737} INFO - Searching for files in /opt/airflow/dags
[2026-09-27T19:21:16.066+0000] {manager.py:740} INFO - There are 0 files in /opt/airflow/dags
[2026-09-27T19:26:16.890+0000] {manager.py:737} INFO - Searching for files in /opt/airflow/dags
[2026-09-27T19:26:16.962+0000] {manager.py:740} INFO - There are 0 files in /opt/airflow/dags
[2026-09-27T19:31:17.064+0000] {manager.py:737} INFO - Searching for files in /opt/airflow/dags
[2026-09-27T19:31:17.104+0000] {manager.py:740} INFO - There are 0 files in /opt/airflow/dags
[2026-09-27T19:36:17.554+0000] {manager.py:737} INFO - Searching for files in /opt/airflow/dags
[2026-09-27T19:36:17.653+0000] {manager.py:740} INFO - There are 0 files in /opt/airflow/dags
[2026-09-27T19:41:18.424+0000] {manager.py:737} INFO - Searching for files in /opt/airflow/dags
[2026-09-27T19:41:18.509+0000] {manager.py:740} INFO - There are 0 files in /opt/airflow/dags
[2026-09-27T19:46:19.179+0000] {manager.py:737} INFO - Searching for files in /opt/airflow/dags
[2026-09-27T19:46:19.299+0000] {manager.py:740} INFO - There are 0 files in /opt/airflow/dags
[2026-09-27T19:51:19.718+0000] {manager.py:737} INFO - Searching for files in /opt/airflow/dags
[2026-09-27T19:51:19.871+0000] {manager.py:740} INFO - There are 0 files in /opt/airflow/dags
[2026-09-27T19:56:20.403+0000] {manager.py:737} INFO - Searching for files in /opt/airflow/dags
[2026-09-27T19:56:20.488+0000] {manager.py:740} INFO - There are 0 files in /opt/airflow/dags
[2026-09-27T20:01:21.300+0000] {manager.py:737} INFO - Searching for files in /opt/airflow/dags
[2026-09-27T20:01:21.390+0000] {manager.py:740} INFO - There are 0 files in /opt/airflow/dags
[2026-09-27T20:06:21.764+0000] {manager.py:737} INFO - Searching for files in /opt/airflow/dags
[2026-09-27T20:06:21.869+0000] {manager.py:740} INFO - There are 0 files in /opt/airflow/dags
[2026-09-27T20:11:22.338+0000] {manager.py:737} INFO - Searching for files in /opt/airflow/dags
[2026-09-27T20:11:22.368+0000] {manager.py:740} INFO - There are 0 files in /opt/airflow/dags
[2026-09-27T20:16:22.395+0000] {manager.py:737} INFO - Searching for files in /opt/airflow/dags
[2026-09-27T20:16:22.477+0000] {manager.py:740} INFO - There are 0 files in /opt/airflow/dags
[2026-09-27T20:21:22.735+0000] {manager.py:737} INFO - Searching for files in /opt/airflow/dags
[2026-09-27T20:21:22.814+0000] {manager.py:740} INFO - There are 0 files in /opt/airflow/dags
[2026-09-27T20:47:17.539+0000] {manager.py:737} INFO - Searching for files in /opt/airflow/dags
[2026-09-27T20:47:17.698+0000] {manager.py:740} INFO - There are 0 files in /opt/airflow/dags
[2026-09-27T20:52:17.732+0000] {manager.py:737} INFO - Searching for files in /opt/airflow/dags
[2026-09-27T20:52:17.818+0000] {manager.py:740} INFO - There are 0 files in /opt/airflow/dags
[2026-09-27T20:57:18.282+0000] {manager.py:737} INFO - Searching for files in /opt/airflow/dags
[2026-09-27T20:57:18.315+0000] {manager.py:740} INFO - There are 0 files in /opt/airflow/dags
[2026-09-27T21:02:18.712+0000] {manager.py:737} INFO - Searching for files in /opt/airflow/dags
[2026-09-27T21:02:18.728+0000] {manager.py:740} INFO - There are 0 files in /opt/airflow/dags
[2026-09-27T21:07:19.243+0000] {manager.py:737} INFO - Searching for files in /opt/airflow/dags
[2026-09-27T21:07:19.289+0000] {manager.py:740} INFO - There are 0 files in /opt/airflow/dags
[2026-09-27T21:12:19.697+0000] {manager.py:737} INFO - Searching for files in /opt/airflow/dags
[2026-09-27T21:12:19.709+0000] {manager.py:740} INFO - There are 0 files in /opt/airflow/dags
[2026-09-27T21:17:20.226+0000] {manager.py:737} INFO - Searching for files in /opt/airflow/dags
[2026-09-27T21:17:20.264+0000] {manager.py:740} INFO - There are 0 files in /opt/airflow/dags
[2026-09-27T21:22:21.067+0000] {manager.py:737} INFO - Searching for files in /opt/airflow/dags
[2026-09-27T21:22:21.155+0000] {manager.py:740} INFO - There are 0 files in /opt/airflow/dags
[2026-09-27T21:27:21.994+0000] {manager.py:737} INFO - Searching for files in /opt/airflow/dags
[2026-09-27T21:27:22.055+0000] {manager.py:740} INFO - There are 0 files in /opt/airflow/dags
[2026-09-27T21:32:22.131+0000] {manager.py:737} INFO - Searching for files in /opt/airflow/dags
[2026-09-27T21:32:22.178+0000] {manager.py:740} INFO - There are 0 files in /opt/airflow/dags
[2026-09-27T21:37:22.832+0000] {manager.py:737} INFO - Searching for files in /opt/airflow/dags
[2026-09-27T21:37:22.865+0000] {manager.py:740} INFO - There are 0 files in /opt/airflow/dags
[2026-09-27T21:42:23.570+0000] {manager.py:737} INFO - Searching for files in /opt/airflow/dags
[2026-09-27T21:42:23.611+0000] {manager.py:740} INFO - There are 0 files in /opt/airflow/dags
[2026-09-27T21:47:24.254+0000] {manager.py:737} INFO - Searching for files in /opt/airflow/dags
[2026-09-27T21:47:24.292+0000] {manager.py:740} INFO - There are 0 files in /opt/airflow/dags
[2026-09-27T21:52:24.807+0000] {manager.py:737} INFO - Searching for files in /opt/airflow/dags
[2026-09-27T21:52:24.834+0000] {manager.py:740} INFO - There are 0 files in /opt/airflow/dags
[2026-09-27T21:57:25.488+0000] {manager.py:737} INFO - Searching for files in /opt/airflow/dags
[2026-09-27T21:57:25.551+0000] {manager.py:740} INFO - There are 0 files in /opt/airflow/dags
[2026-09-27T22:02:26.141+0000] {manager.py:737} INFO - Searching for files in /opt/airflow/dags
[2026-09-27T22:02:26.179+0000] {manager.py:740} INFO - There are 0 files in /opt/airflow/dags
[2026-09-27T22:07:26.690+0000] {manager.py:737} INFO - Searching for files in /opt/airflow/dags
[2026-09-27T22:07:26.723+0000] {manager.py:740} INFO - There are 0 files in /opt/airflow/dags
[2026-09-27T22:12:27.156+0000] {manager.py:737} INFO - Searching for files in /opt/airflow/dags
[2026-09-27T22:12:27.170+0000] {manager.py:740} INFO - There are 0 files in /opt/airflow/dags
[2026-09-27T22:17:27.654+0000] {manager.py:737} INFO - Searching for files in /opt/airflow/dags
[2026-09-27T22:17:27.666+0000] {manager.py:740} INFO - There are 0 files in /opt/airflow/dags
[2026-09-27T22:22:28.150+0000] {manager.py:737} INFO - Searching for files in /opt/airflow/dags
[2026-09-27T22:22:28.171+0000] {manager.py:740} INFO - There are 0 files in /opt/airflow/dags
[2026-09-27T22:27:28.649+0000] {manager.py:737} INFO - Searching for files in /opt/airflow/dags
[2026-09-27T22:27:28.660+0000] {manager.py:740} INFO - There are 0 files in /opt/airflow/dags
[2026-09-27T22:32:29.215+0000] {manager.py:737} INFO - Searching for files in /opt/airflow/dags
[2026-09-27T22:32:29.269+0000] {manager.py:740} INFO - There are 0 files in /opt/airflow/dags
[2026-09-27T22:37:29.695+0000] {manager.py:737} INFO - Searching for files in /opt/airflow/dags
[2026-09-27T22:37:29.712+0000] {manager.py:740} INFO - There are 0 files in /opt/airflow/dags
[2026-09-27T22:42:30.564+0000] {manager.py:737} INFO - Searching for files in /opt/airflow/dags
[2026-09-27T22:42:30.668+0000] {manager.py:740} INFO - There are 0 files in /opt/airflow/dags
[2026-09-27T22:47:31.007+0000] {manager.py:737} INFO - Searching for files in /opt/airflow/dags
[2026-09-27T22:47:31.075+0000] {manager.py:740} INFO - There are 0 files in /opt/airflow/dags
[2026-09-27T22:52:31.287+0000] {manager.py:737} INFO - Searching for files in /opt/airflow/dags
[2026-09-27T22:52:31.321+0000] {manager.py:740} INFO - There are 0 files in /opt/airflow/dags
[2026-09-27T22:57:31.623+0000] {manager.py:737} INFO - Searching for files in /opt/airflow/dags
[2026-09-27T22:57:31.657+0000] {manager.py:740} INFO - There are 0 files in /opt/airflow/dags
[2026-09-27T23:02:32.444+0000] {manager.py:737} INFO - Searching for files in /opt/airflow/dags
[2026-09-27T23:02:32.521+0000] {manager.py:740} INFO - There are 0 files in /opt/airflow/dags
[2026-09-28T01:07:32.173+0000] {manager.py:737} INFO - Searching for files in /opt/airflow/dags
[2026-09-28T01:07:32.784+0000] {manager.py:740} INFO - There are 0 files in /opt/airflow/dags
[2026-09-28T13:26:38.258+0000] {manager.py:737} INFO - Searching for files in /opt/airflow/dags
[2026-09-28T13:26:40.095+0000] {manager.py:740} INFO - There are 0 files in /opt/airflow/dags
[2026-09-28T13:31:39.154+0000] {manager.py:737} INFO - Searching for files in /opt/airflow/dags
[2026-09-28T13:31:39.219+0000] {manager.py:740} INFO - There are 0 files in /opt/airflow/dags
[2026-09-28T13:36:39.686+0000] {manager.py:737} INFO - Searching for files in /opt/airflow/dags
[2026-09-28T13:36:39.708+0000] {manager.py:740} INFO - There are 0 files in /opt/airflow/dags
[2026-09-28T13:41:40.475+0000] {manager.py:737} INFO - Searching for files in /opt/airflow/dags
[2026-09-28T13:41:40.486+0000] {manager.py:740} INFO - There are 0 files in /opt/airflow/dags
[2026-09-28T13:46:41.445+0000] {manager.py:737} INFO - Searching for files in /opt/airflow/dags
[2026-09-28T13:46:41.509+0000] {manager.py:740} INFO - There are 0 files in /opt/airflow/dags
[2026-09-28T13:51:42.005+0000] {manager.py:737} INFO - Searching for files in /opt/airflow/dags
[2026-09-28T13:51:42.036+0000] {manager.py:740} INFO - There are 0 files in /opt/airflow/dags
[2026-09-28T13:56:42.968+0000] {manager.py:737} INFO - Searching for files in /opt/airflow/dags
[2026-09-28T13:56:43.134+0000] {manager.py:740} INFO - There are 0 files in /opt/airflow/dags
[2026-09-28T14:01:43.014+0000] {manager.py:737} INFO - Searching for files in /opt/airflow/dags
[2026-09-28T14:01:43.074+0000] {manager.py:740} INFO - There are 0 files in /opt/airflow/dags
[2026-09-28T14:06:43.515+0000] {manager.py:737} INFO - Searching for files in /opt/airflow/dags
[2026-09-28T14:06:43.578+0000] {manager.py:740} INFO - There are 0 files in /opt/airflow/dags
[2026-09-28T14:11:44.195+0000] {manager.py:737} INFO - Searching for files in /opt/airflow/dags
[2026-09-28T14:11:44.314+0000] {manager.py:740} INFO - There are 0 files in /opt/airflow/dags
[2026-09-28T14:16:44.572+0000] {manager.py:737} INFO - Searching for files in /opt/airflow/dags
[2026-09-28T14:16:44.648+0000] {manager.py:740} INFO - There are 0 files in /opt/airflow/dags
[2026-09-28T14:21:45.525+0000] {manager.py:737} INFO - Searching for files in /opt/airflow/dags
[2026-09-28T14:21:45.584+0000] {manager.py:740} INFO - There are 0 files in /opt/airflow/dags
[2026-09-28T14:26:46.238+0000] {manager.py:737} INFO - Searching for files in /opt/airflow/dags
[2026-09-28T14:26:46.367+0000] {manager.py:740} INFO - There are 0 files in /opt/airflow/dags
[2026-09-28T14:31:46.668+0000] {manager.py:737} INFO - Searching for files in /opt/airflow/dags
[2026-09-28T14:31:46.815+0000] {manager.py:740} INFO - There are 0 files in /opt/airflow/dags
[2026-09-28T14:36:47.282+0000] {manager.py:737} INFO - Searching for files in /opt/airflow/dags
[2026-09-28T14:36:47.389+0000] {manager.py:740} INFO - There are 0 files in /opt/airflow/dags
[2026-09-28T14:41:47.671+0000] {manager.py:737} INFO - Searching for files in /opt/airflow/dags
[2026-09-28T14:41:47.821+0000] {manager.py:740} INFO - There are 0 files in /opt/airflow/dags
[2026-09-28T14:46:48.183+0000] {manager.py:737} INFO - Searching for files in /opt/airflow/dags
[2026-09-28T14:46:48.267+0000] {manager.py:740} INFO - There are 0 files in /opt/airflow/dags
[2026-09-28T14:51:48.494+0000] {manager.py:737} INFO - Searching for files in /opt/airflow/dags
[2026-09-28T14:51:48.632+0000] {manager.py:740} INFO - There are 0 files in /opt/airflow/dags
[2026-09-28T14:56:49.423+0000] {manager.py:737} INFO - Searching for files in /opt/airflow/dags
[2026-09-28T14:56:49.503+0000] {manager.py:740} INFO - There are 0 files in /opt/airflow/dags
[2026-09-28T15:01:49.779+0000] {manager.py:737} INFO - Searching for files in /opt/airflow/dags
[2026-09-28T15:01:49.908+0000] {manager.py:740} INFO - There are 0 files in /opt/airflow/dags
[2026-09-28T15:06:50.153+0000] {manager.py:737} INFO - Searching for files in /opt/airflow/dags
[2026-09-28T15:06:50.273+0000] {manager.py:740} INFO - There are 0 files in /opt/airflow/dags
[2026-09-28T15:11:50.817+0000] {manager.py:737} INFO - Searching for files in /opt/airflow/dags
[2026-09-28T15:11:50.903+0000] {manager.py:740} INFO - There are 0 files in /opt/airflow/dags
[2026-09-28T15:16:51.365+0000] {manager.py:737} INFO - Searching for files in /opt/airflow/dags
[2026-09-28T15:16:51.510+0000] {manager.py:740} INFO - There are 0 files in /opt/airflow/dags
[2026-09-28T15:21:51.412+0000] {manager.py:737} INFO - Searching for files in /opt/airflow/dags
[2026-09-28T15:21:51.557+0000] {manager.py:740} INFO - There are 0 files in /opt/airflow/dags
[2026-09-28T15:26:51.770+0000] {manager.py:737} INFO - Searching for files in /opt/airflow/dags
[2026-09-28T15:26:51.782+0000] {manager.py:740} INFO - There are 0 files in /opt/airflow/dags
[2026-09-28T15:31:52.597+0000] {manager.py:737} INFO - Searching for files in /opt/airflow/dags
[2026-09-28T15:31:52.744+0000] {manager.py:740} INFO - There are 0 files in /opt/airflow/dags
[2026-09-28T15:36:53.201+0000] {manager.py:737} INFO - Searching for files in /opt/airflow/dags
[2026-09-28T15:36:53.282+0000] {manager.py:740} INFO - There are 0 files in /opt/airflow/dags
[2026-09-28T15:41:53.566+0000] {manager.py:737} INFO - Searching for files in /opt/airflow/dags
[2026-09-28T15:41:53.695+0000] {manager.py:740} INFO - There are 0 files in /opt/airflow/dags
[2026-09-28T15:46:54.103+0000] {manager.py:737} INFO - Searching for files in /opt/airflow/dags
[2026-09-28T15:46:54.180+0000] {manager.py:740} INFO - There are 0 files in /opt/airflow/dags
[2026-09-28T15:51:54.950+0000] {manager.py:737} INFO - Searching for files in /opt/airflow/dags
[2026-09-28T15:51:55.200+0000] {manager.py:740} INFO - There are 0 files in /opt/airflow/dags
[2026-09-28T15:56:55.258+0000] {manager.py:737} INFO - Searching for files in /opt/airflow/dags
[2026-09-28T15:56:55.327+0000] {manager.py:740} INFO - There are 0 files in /opt/airflow/dags
[2026-09-28T16:01:55.807+0000] {manager.py:737} INFO - Searching for files in /opt/airflow/dags
[2026-09-28T16:01:55.869+0000] {manager.py:740} INFO - There are 0 files in /opt/airflow/dags
[2026-09-28T16:06:56.331+0000] {manager.py:737} INFO - Searching for files in /opt/airflow/dags
[2026-09-28T16:06:56.420+0000] {manager.py:740} INFO - There are 0 files in /opt/airflow/dags
[2026-09-28T16:11:57.289+0000] {manager.py:737} INFO - Searching for files in /opt/airflow/dags
[2026-09-28T16:11:57.344+0000] {manager.py:740} INFO - There are 0 files in /opt/airflow/dags
[2026-09-28T16:16:57.351+0000] {manager.py:737} INFO - Searching for files in /opt/airflow/dags
[2026-09-28T16:16:57.402+0000] {manager.py:740} INFO - There are 0 files in /opt/airflow/dags
[2026-09-28T16:21:58.018+0000] {manager.py:737} INFO - Searching for files in /opt/airflow/dags
[2026-09-28T16:21:58.030+0000] {manager.py:740} INFO - There are 0 files in /opt/airflow/dags
[2026-09-28T16:26:58.107+0000] {manager.py:737} INFO - Searching for files in /opt/airflow/dags
[2026-09-28T16:26:58.122+0000] {manager.py:740} INFO - There are 0 files in /opt/airflow/dags
[2026-09-28T16:31:58.258+0000] {manager.py:737} INFO - Searching for files in /opt/airflow/dags
[2026-09-28T16:31:58.280+0000] {manager.py:740} INFO - There are 0 files in /opt/airflow/dags
[2026-09-28T16:36:58.396+0000] {manager.py:737} INFO - Searching for files in /opt/airflow/dags
[2026-09-28T16:36:58.433+0000] {manager.py:740} INFO - There are 0 files in /opt/airflow/dags
[2026-09-28T16:41:58.713+0000] {manager.py:737} INFO - Searching for files in /opt/airflow/dags
[2026-09-28T16:41:58.802+0000] {manager.py:740} INFO - There are 0 files in /opt/airflow/dags
[2026-09-28T16:46:59.096+0000] {manager.py:737} INFO - Searching for files in /opt/airflow/dags
[2026-09-28T16:46:59.160+0000] {manager.py:740} INFO - There are 0 files in /opt/airflow/dags
[2026-09-28T16:51:59.360+0000] {manager.py:737} INFO - Searching for files in /opt/airflow/dags
[2026-09-28T16:51:59.374+0000] {manager.py:740} INFO - There are 0 files in /opt/airflow/dags
[2026-09-28T16:56:59.448+0000] {manager.py:737} INFO - Searching for files in /opt/airflow/dags
[2026-09-28T16:56:59.488+0000] {manager.py:740} INFO - There are 0 files in /opt/airflow/dags
[2026-09-28T17:02:00.090+0000] {manager.py:737} INFO - Searching for files in /opt/airflow/dags
[2026-09-28T17:02:00.115+0000] {manager.py:740} INFO - There are 0 files in /opt/airflow/dags
[2026-09-28T17:07:00.481+0000] {manager.py:737} INFO - Searching for files in /opt/airflow/dags
[2026-09-28T17:07:00.490+0000] {manager.py:740} INFO - There are 0 files in /opt/airflow/dags
[2026-09-28T17:12:00.823+0000] {manager.py:737} INFO - Searching for files in /opt/airflow/dags
[2026-09-28T17:12:00.835+0000] {manager.py:740} INFO - There are 0 files in /opt/airflow/dags
[2026-09-28T17:17:01.170+0000] {manager.py:737} INFO - Searching for files in /opt/airflow/dags
[2026-09-28T17:17:01.192+0000] {manager.py:740} INFO - There are 0 files in /opt/airflow/dags
[2026-09-28T17:22:01.510+0000] {manager.py:737} INFO - Searching for files in /opt/airflow/dags
[2026-09-28T17:22:01.521+0000] {manager.py:740} INFO - There are 0 files in /opt/airflow/dags
[2026-09-28T17:27:01.899+0000] {manager.py:737} INFO - Searching for files in /opt/airflow/dags
[2026-09-28T17:27:01.915+0000] {manager.py:740} INFO - There are 0 files in /opt/airflow/dags
[2026-09-28T18:49:19.245+0000] {manager.py:737} INFO - Searching for files in /opt/airflow/dags
[2026-09-28T18:49:21.281+0000] {manager.py:740} INFO - There are 0 files in /opt/airflow/dags
[2026-09-28T18:54:19.954+0000] {manager.py:737} INFO - Searching for files in /opt/airflow/dags
[2026-09-28T18:54:20.046+0000] {manager.py:740} INFO - There are 0 files in /opt/airflow/dags
[2026-09-28T18:59:20.524+0000] {manager.py:737} INFO - Searching for files in /opt/airflow/dags
[2026-09-28T18:59:20.542+0000] {manager.py:740} INFO - There are 0 files in /opt/airflow/dags
[2026-09-28T19:04:20.857+0000] {manager.py:737} INFO - Searching for files in /opt/airflow/dags
[2026-09-28T19:04:20.871+0000] {manager.py:740} INFO - There are 0 files in /opt/airflow/dags
[2026-09-28T19:09:21.208+0000] {manager.py:737} INFO - Searching for files in /opt/airflow/dags
[2026-09-28T19:09:21.225+0000] {manager.py:740} INFO - There are 0 files in /opt/airflow/dags
[2026-09-28T19:14:21.544+0000] {manager.py:737} INFO - Searching for files in /opt/airflow/dags
[2026-09-28T19:14:21.560+0000] {manager.py:740} INFO - There are 0 files in /opt/airflow/dags
[2026-09-28T19:19:22.087+0000] {manager.py:737} INFO - Searching for files in /opt/airflow/dags
[2026-09-28T19:19:22.108+0000] {manager.py:740} INFO - There are 0 files in /opt/airflow/dags
[2026-09-28T19:24:22.426+0000] {manager.py:737} INFO - Searching for files in /opt/airflow/dags
[2026-09-28T19:24:22.438+0000] {manager.py:740} INFO - There are 0 files in /opt/airflow/dags
[2026-09-28T19:29:22.763+0000] {manager.py:737} INFO - Searching for files in /opt/airflow/dags
[2026-09-28T19:29:22.786+0000] {manager.py:740} INFO - There are 0 files in /opt/airflow/dags
[2026-09-28T19:34:23.498+0000] {manager.py:737} INFO - Searching for files in /opt/airflow/dags
[2026-09-28T19:34:23.678+0000] {manager.py:740} INFO - There are 0 files in /opt/airflow/dags
[2026-09-28T19:39:24.410+0000] {manager.py:737} INFO - Searching for files in /opt/airflow/dags
[2026-09-28T19:39:24.684+0000] {manager.py:740} INFO - There are 0 files in /opt/airflow/dags
[2026-09-28T19:44:24.655+0000] {manager.py:737} INFO - Searching for files in /opt/airflow/dags
[2026-09-28T19:44:24.948+0000] {manager.py:740} INFO - There are 0 files in /opt/airflow/dags
[2026-09-28T19:49:25.237+0000] {manager.py:737} INFO - Searching for files in /opt/airflow/dags
[2026-09-28T19:49:25.485+0000] {manager.py:740} INFO - There are 0 files in /opt/airflow/dags
[2026-09-28T19:54:26.227+0000] {manager.py:737} INFO - Searching for files in /opt/airflow/dags
[2026-09-28T19:54:26.475+0000] {manager.py:740} INFO - There are 0 files in /opt/airflow/dags
[2026-09-28T19:59:26.237+0000] {manager.py:737} INFO - Searching for files in /opt/airflow/dags
[2026-09-28T19:59:26.599+0000] {manager.py:740} INFO - There are 0 files in /opt/airflow/dags
[2026-09-28T20:04:26.961+0000] {manager.py:737} INFO - Searching for files in /opt/airflow/dags
[2026-09-28T20:04:27.038+0000] {manager.py:740} INFO - There are 0 files in /opt/airflow/dags
[2026-09-28T20:09:27.406+0000] {manager.py:737} INFO - Searching for files in /opt/airflow/dags
[2026-09-28T20:09:27.547+0000] {manager.py:740} INFO - There are 0 files in /opt/airflow/dags
[2026-09-28T20:14:27.843+0000] {manager.py:737} INFO - Searching for files in /opt/airflow/dags
[2026-09-28T20:14:28.595+0000] {manager.py:740} INFO - There are 0 files in /opt/airflow/dags
[2026-09-28T20:19:28.578+0000] {manager.py:737} INFO - Searching for files in /opt/airflow/dags
[2026-09-28T20:19:28.715+0000] {manager.py:740} INFO - There are 0 files in /opt/airflow/dags
[2026-09-28T20:24:29.309+0000] {manager.py:737} INFO - Searching for files in /opt/airflow/dags
[2026-09-28T20:24:29.467+0000] {manager.py:740} INFO - There are 0 files in /opt/airflow/dags
[2026-09-28T20:29:30.028+0000] {manager.py:737} INFO - Searching for files in /opt/airflow/dags
[2026-09-28T20:29:30.212+0000] {manager.py:740} INFO - There are 0 files in /opt/airflow/dags
[2026-09-28T20:34:30.681+0000] {manager.py:737} INFO - Searching for files in /opt/airflow/dags
[2026-09-28T20:34:30.868+0000] {manager.py:740} INFO - There are 0 files in /opt/airflow/dags
[2026-09-28T20:39:30.882+0000] {manager.py:737} INFO - Searching for files in /opt/airflow/dags
[2026-09-28T20:39:31.240+0000] {manager.py:740} INFO - There are 0 files in /opt/airflow/dags
[2026-09-28T20:44:31.371+0000] {manager.py:737} INFO - Searching for files in /opt/airflow/dags
[2026-09-28T20:44:31.583+0000] {manager.py:740} INFO - There are 0 files in /opt/airflow/dags
[2026-09-28T20:49:31.869+0000] {manager.py:737} INFO - Searching for files in /opt/airflow/dags
[2026-09-28T20:49:31.946+0000] {manager.py:740} INFO - There are 0 files in /opt/airflow/dags
[2026-09-28T20:54:32.549+0000] {manager.py:737} INFO - Searching for files in /opt/airflow/dags
[2026-09-28T20:54:32.683+0000] {manager.py:740} INFO - There are 0 files in /opt/airflow/dags
